[  1%] Building CXX object CMakeFiles/t81_core.dir/src/vm/vm.cpp.o
[  1%] Building CXX object CMakeFiles/t81_core.dir/src/canonfs/in_memory_driver.cpp.o
[  1%] Building CXX object CMakeFiles/t81_core.dir/src/canonfs/persistent_driver.cpp.o
[  1%] Building CXX object CMakeFiles/t81_core.dir/src/canonfs/axion_hook.cpp.o
[  1%] Building CXX object CMakeFiles/t81_core.dir/src/hanoi/error.cpp.o
[  1%] Building CXX object CMakeFiles/t81_core.dir/src/hanoi/in_memory_kernel.cpp.o
[  2%] Building CXX object CMakeFiles/t81_core.dir/src/axion/axion_api.cpp.o
[  2%] Building CXX object CMakeFiles/t81_core.dir/src/axion/engine.cpp.o
[  2%] Building CXX object CMakeFiles/t81_core.dir/src/axion/policy_engine.cpp.o
[  2%] Building CXX object CMakeFiles/t81_core.dir/src/axion/policy_serialization.cpp.o
[  2%] Building CXX object CMakeFiles/t81_core.dir/src/tools/weights.cpp.o
[  2%] Building CXX object CMakeFiles/t81_core.dir/src/tools/weights_t81w_emitter.cpp.o
[  3%] Building CXX object CMakeFiles/t81_core.dir/src/cog/promotion.cpp.o
[  3%] Building CXX object CMakeFiles/t81_core.dir/src/cog/tier1/symbolic.cpp.o
[  3%] Building CXX object CMakeFiles/t81_core.dir/src/cog/tier2/reflective.cpp.o
[  3%] Building CXX object CMakeFiles/t81_core.dir/src/cog/tier3/recursive.cpp.o
[  3%] Building CXX object CMakeFiles/t81_core.dir/src/cog/tier4/tier4_loop.cpp.o
[  3%] Building CXX object CMakeFiles/t81_core.dir/src/cog/tier4/distributed.cpp.o
[  4%] Building CXX object CMakeFiles/t81_core.dir/src/cog/tier5/infinite.cpp.o
[  4%] Building CXX object CMakeFiles/t81_core.dir/src/codec/base243.cpp.o
[  4%] Building CXX object CMakeFiles/t81_core.dir/src/codec/base81.cpp.o
[  4%] Building CXX object CMakeFiles/t81_core.dir/src/codec/base81_balanced.cpp.o
[  4%] Building CXX object CMakeFiles/t81_core.dir/src/codec/base81_packed.cpp.o
[  4%] Building CXX object CMakeFiles/t81_core.dir/src/codec/metadata.cpp.o
[  5%] Building CXX object CMakeFiles/t81_core.dir/src/codec/trit_packing.cpp.o
[  5%] Building CXX object CMakeFiles/t81_core.dir/src/vm/jit_compiler.cpp.o
[  5%] Building CXX object CMakeFiles/t81_core.dir/src/hash/canonhash81.cpp.o
[  5%] Building CXX object CMakeFiles/t81_core.dir/src/crypto/sha3.cpp.o
[  5%] Building CXX object CMakeFiles/t81_core.dir/src/setun/bridge.cpp.o
[  5%] Building CXX object CMakeFiles/t81_core.dir/src/simd/base81_digits_avx2.cpp.o
[  6%] Linking CXX static library libt81_core.a
[  6%] Built target t81_core
[  6%] Building CXX object CMakeFiles/t81_io.dir/src/io/tensor_loader.cpp.o
[  6%] Linking CXX static library libt81_io.a
[  6%] Built target t81_io
[  6%] Building CXX object CMakeFiles/t81_c_api.dir/src/c_api/t81_c_api.cpp.o
[  6%] Linking CXX static library libt81_c_api.a
[  6%] Built target t81_c_api
[  6%] Building CXX object CMakeFiles/t81_frontend.dir/src/frontend/lexer.cpp.o
[  6%] Building CXX object CMakeFiles/t81_frontend.dir/src/frontend/parser.cpp.o
[  7%] Building CXX object CMakeFiles/t81_frontend.dir/src/frontend/semantic_analyzer.cpp.o
[  7%] Building CXX object CMakeFiles/t81_frontend.dir/src/frontend/symbol_table.cpp.o
[  7%] Linking CXX static library libt81_frontend.a
[  7%] Built target t81_frontend
[  7%] Building CXX object CMakeFiles/t81_tisc.dir/src/tisc/pretty_printer.cpp.o
[  8%] Building CXX object CMakeFiles/t81_tisc.dir/src/tisc/binary_emitter.cpp.o
[  8%] Building CXX object CMakeFiles/t81_tisc.dir/src/tisc/binary_io.cpp.o
[  8%] Building CXX object CMakeFiles/t81_tisc.dir/src/tisc/base81_view.cpp.o
[  8%] Linking CXX static library libt81_tisc.a
[  8%] Built target t81_tisc
[  8%] Building CXX object CMakeFiles/t81_cli_driver.dir/src/cli/driver.cpp.o
[  8%] Building CXX object CMakeFiles/t81_cli_driver.dir/src/cli/debugger.cpp.o
[  8%] Building CXX object CMakeFiles/t81_cli_driver.dir/src/cli/canonize_tensor.cpp.o
[  8%] Linking CXX static library libt81_cli_driver.a
[  8%] Built target t81_cli_driver
[  8%] Building CXX object CMakeFiles/t81.dir/src/cli/main.cpp.o
[  8%] Linking CXX executable t81
[  8%] Built target t81
[  8%] Building CXX object CMakeFiles/t81_demo.dir/examples/demo.cpp.o
[  9%] Linking CXX executable t81_demo
[  9%] Built target t81_demo
[  9%] Building CXX object CMakeFiles/t81_tensor_ops.dir/examples/tensor_ops.cpp.o
[ 10%] Linking CXX executable t81_tensor_ops
[ 10%] Built target t81_tensor_ops
[ 10%] Building CXX object CMakeFiles/t81_ir_roundtrip.dir/examples/ir_roundtrip.cpp.o
[ 11%] Linking CXX executable t81_ir_roundtrip
[ 11%] Built target t81_ir_roundtrip
[ 11%] Building CXX object CMakeFiles/axion_demo.dir/examples/axion_demo.cpp.o
[ 11%] Linking CXX executable axion_demo
[ 11%] Built target axion_demo
[ 11%] Building CXX object CMakeFiles/axion_guard_trace.dir/examples/axion_guard_trace.cpp.o
/app/examples/axion_guard_trace.cpp: In function ‘std::string {anonymous}::trap_to_string(t81::vm::Trap)’:
/app/examples/axion_guard_trace.cpp:7:10: warning: enumeration value ‘Unimplemented’ not handled in switch [-Wswitch]
    7 |   switch (trap) {
      |          ^
/app/examples/axion_guard_trace.cpp:7:10: warning: enumeration value ‘AssertionFailed’ not handled in switch [-Wswitch]
[ 12%] Linking CXX executable axion_guard_trace
[ 12%] Built target axion_guard_trace
[ 12%] Building CXX object CMakeFiles/axion_policy_trace.dir/examples/axion_policy_trace.cpp.o
[ 12%] Linking CXX executable axion_policy_trace
[ 12%] Built target axion_policy_trace
[ 12%] Building CXX object CMakeFiles/axion_heap_compaction_trace_test.dir/tests/cpp/axion_heap_compaction_trace_test.cpp.o
[ 12%] Linking CXX executable axion_heap_compaction_trace_test
[ 12%] Built target axion_heap_compaction_trace_test
[ 12%] Building CXX object CMakeFiles/axion_policy_runner.dir/examples/axion_policy_runner.cpp.o
[ 13%] Linking CXX executable axion_policy_runner
[ 13%] Built target axion_policy_runner
[ 13%] Building CXX object CMakeFiles/llama32_demo.dir/examples/llama32_demo.cpp.o
/app/examples/llama32_demo.cpp: In function ‘int main()’:
/app/examples/llama32_demo.cpp:151:7: warning: unused variable ‘reg_norm’ [-Wunused-variable]
  151 |   int reg_norm = 1;  // Normed x
      |       ^~~~~~~~
/app/examples/llama32_demo.cpp:152:7: warning: unused variable ‘reg_q’ [-Wunused-variable]
  152 |   int reg_q = 2, reg_k = 3, reg_v = 4;
      |       ^~~~~
/app/examples/llama32_demo.cpp:152:18: warning: unused variable ‘reg_k’ [-Wunused-variable]
  152 |   int reg_q = 2, reg_k = 3, reg_v = 4;
      |                  ^~~~~
/app/examples/llama32_demo.cpp:152:29: warning: unused variable ‘reg_v’ [-Wunused-variable]
  152 |   int reg_q = 2, reg_k = 3, reg_v = 4;
      |                             ^~~~~
/app/examples/llama32_demo.cpp:153:7: warning: unused variable ‘reg_attn’ [-Wunused-variable]
  153 |   int reg_attn = 5;
      |       ^~~~~~~~
[ 13%] Linking CXX executable llama32_demo
[ 13%] Built target llama32_demo
[ 13%] Building CXX object CMakeFiles/canonfs_trace_demo.dir/examples/canonfs_trace_demo.cpp.o
[ 14%] Linking CXX executable canonfs_trace_demo
[ 14%] Built target canonfs_trace_demo
[ 14%] Building CXX object CMakeFiles/axion_nested_guard_test.dir/tests/cpp/axion_nested_guard_test.cpp.o
[ 14%] Linking CXX executable axion_nested_guard_test
[ 14%] Built target axion_nested_guard_test
[ 14%] Building CXX object CMakeFiles/e2e_axion_trace_test.dir/tests/cpp/e2e_axion_trace_test.cpp.o
[ 14%] Linking CXX executable e2e_axion_trace_test
[ 14%] Built target e2e_axion_trace_test
[ 14%] Building CXX object CMakeFiles/complex_demo.dir/examples/complex_demo.cpp.o
[ 14%] Linking CXX executable complex_demo
[ 14%] Built target complex_demo
[ 14%] Building CXX object CMakeFiles/t81_bigint_test.dir/tests/cpp/bigint_roundtrip.cpp.o
[ 15%] Linking CXX executable t81_bigint_test
[ 15%] Built target t81_bigint_test
[ 15%] Building CXX object CMakeFiles/t81_fraction_test.dir/tests/cpp/fraction_roundtrip.cpp.o
[ 15%] Linking CXX executable t81_fraction_test
[ 15%] Built target t81_fraction_test
[ 15%] Building CXX object CMakeFiles/t81_bigint_properties_test.dir/tests/cpp/bigint_properties_test.cpp.o
[ 15%] Linking CXX executable t81_bigint_properties_test
[ 15%] Built target t81_bigint_properties_test
[ 15%] Building CXX object CMakeFiles/t81_prob_properties_test.dir/tests/cpp/prob_properties_test.cpp.o
[ 16%] Linking CXX executable t81_prob_properties_test
[ 16%] Built target t81_prob_properties_test
[ 16%] Building CXX object CMakeFiles/t81_float_arithmetic_test.dir/tests/cpp/test_T81Float_arithmetic.cpp.o
[ 16%] Linking CXX executable t81_float_arithmetic_test
[ 16%] Built target t81_float_arithmetic_test
[ 16%] Building CXX object CMakeFiles/t81_t81int_properties_test.dir/tests/cpp/t81int_properties_test.cpp.o
[ 16%] Linking CXX executable t81_t81int_properties_test
[ 16%] Built target t81_t81int_properties_test
[ 16%] Building CXX object CMakeFiles/t81_bigint_division_edge_properties_test.dir/tests/cpp/bigint_division_edge_properties_test.cpp.o
[ 16%] Linking CXX executable t81_bigint_division_edge_properties_test
[ 16%] Built target t81_bigint_division_edge_properties_test
[ 16%] Building CXX object CMakeFiles/t81_bigint_division_semantics_test.dir/tests/cpp/bigint_division_semantics_test.cpp.o
[ 16%] Linking CXX executable t81_bigint_division_semantics_test
[ 16%] Built target t81_bigint_division_semantics_test
[ 16%] Building CXX object CMakeFiles/t81_bigint_gcd_divmod_property_test.dir/tests/cpp/bigint_gcd_divmod_property_test.cpp.o
[ 16%] Linking CXX executable t81_bigint_gcd_divmod_property_test
[ 16%] Built target t81_bigint_gcd_divmod_property_test
[ 16%] Building CXX object CMakeFiles/t81_bigint_mod_test.dir/tests/cpp/test_T81BigInt_mod.cpp.o
[ 16%] Linking CXX executable t81_bigint_mod_test
[ 16%] Built target t81_bigint_mod_test
[ 16%] Building CXX object CMakeFiles/t81_bigint_modular_inverse_test.dir/tests/cpp/test_T81BigInt_modular_inverse.cpp.o
[ 17%] Linking CXX executable t81_bigint_modular_inverse_test
[ 17%] Built target t81_bigint_modular_inverse_test
[ 17%] Building CXX object CMakeFiles/t81_bigint_sqrt_test.dir/tests/cpp/test_T81BigInt_sqrt.cpp.o
[ 17%] Linking CXX executable t81_bigint_sqrt_test
[ 17%] Built target t81_bigint_sqrt_test
[ 17%] Building CXX object CMakeFiles/fuzz_bigint_div.dir/tests/cpp/fuzz_bigint_div.cpp.o
[ 17%] Linking CXX executable fuzz_bigint_div
[ 17%] Built target fuzz_bigint_div
[ 17%] Building CXX object CMakeFiles/t81_fraction_properties_test.dir/tests/cpp/fraction_properties_test.cpp.o
[ 18%] Linking CXX executable t81_fraction_properties_test
[ 18%] Built target t81_fraction_properties_test
[ 18%] Building CXX object CMakeFiles/t81_core_numeric_compat_test.dir/tests/cpp/core_numeric_compat_test.cpp.o
[ 18%] Linking CXX executable t81_core_numeric_compat_test
[ 18%] Built target t81_core_numeric_compat_test
[ 18%] Building CXX object CMakeFiles/t81_core_bigint_compat_properties_test.dir/tests/cpp/core_bigint_compat_properties_test.cpp.o
[ 18%] Linking CXX executable t81_core_bigint_compat_properties_test
[ 18%] Built target t81_core_bigint_compat_properties_test
[ 18%] Building CXX object CMakeFiles/t81_core_fraction_compat_properties_test.dir/tests/cpp/core_fraction_compat_properties_test.cpp.o
[ 19%] Linking CXX executable t81_core_fraction_compat_properties_test
[ 19%] Built target t81_core_fraction_compat_properties_test
[ 19%] Building CXX object CMakeFiles/t81_v1_canonical_numeric_contract_test.dir/tests/cpp/v1_canonical_numeric_contract_test.cpp.o
[ 19%] Linking CXX executable t81_v1_canonical_numeric_contract_test
[ 19%] Built target t81_v1_canonical_numeric_contract_test
[ 19%] Building CXX object CMakeFiles/t81_tensor_transpose_test.dir/tests/cpp/tensor_transpose_test.cpp.o
[ 19%] Linking CXX executable t81_tensor_transpose_test
[ 19%] Built target t81_tensor_transpose_test
[ 19%] Building CXX object CMakeFiles/t81_core_improvements_test.dir/tests/cpp/test_core_improvements.cpp.o
[ 19%] Linking CXX executable t81_core_improvements_test
[ 19%] Built target t81_core_improvements_test
[ 19%] Building CXX object CMakeFiles/t81_core_features_test.dir/tests/cpp/test_core_features.cpp.o
[ 19%] Linking CXX executable t81_core_features_test
[ 19%] Built target t81_core_features_test
[ 19%] Building CXX object CMakeFiles/t81_tensor_slice_test.dir/tests/cpp/tensor_slice_test.cpp.o
[ 19%] Linking CXX executable t81_tensor_slice_test
[ 19%] Built target t81_tensor_slice_test
[ 19%] Building CXX object CMakeFiles/t81_tensor_reshape_test.dir/tests/cpp/tensor_reshape_test.cpp.o
[ 19%] Linking CXX executable t81_tensor_reshape_test
[ 19%] Built target t81_tensor_reshape_test
[ 19%] Building CXX object CMakeFiles/t81_tensor_loader_test.dir/tests/cpp/tensor_loader_test.cpp.o
[ 20%] Linking CXX executable t81_tensor_loader_test
[ 20%] Built target t81_tensor_loader_test
[ 21%] Building CXX object CMakeFiles/t81_weights_quantize_test.dir/tests/cpp/weights_quantize_test.cpp.o
[ 21%] Linking CXX executable t81_weights_quantize_test
[ 21%] Built target t81_weights_quantize_test
[ 21%] Building CXX object CMakeFiles/t81_canonfs_io_test.dir/tests/cpp/canonfs_io_test.cpp.o
[ 21%] Linking CXX executable t81_canonfs_io_test
[ 21%] Built target t81_canonfs_io_test
[ 21%] Building CXX object CMakeFiles/canonfs_axion_trace_test.dir/tests/cpp/canonfs_axion_trace_test.cpp.o
[ 21%] Linking CXX executable canonfs_axion_trace_test
[ 21%] Built target canonfs_axion_trace_test
[ 21%] Building CXX object CMakeFiles/canonfs_persistent_driver_test.dir/tests/cpp/canonfs_persistent_driver_test.cpp.o
[ 21%] Linking CXX executable canonfs_persistent_driver_test
[ 21%] Built target canonfs_persistent_driver_test
[ 21%] Building CXX object CMakeFiles/t81_ir_encoding_test.dir/tests/cpp/ir_encoding_test.cpp.o
/app/tests/cpp/ir_encoding_test.cpp:9:13: warning: ‘bool eq(const t81::ir::Insn&, const t81::ir::Insn&)’ defined but not used [-Wunused-function]
    9 | static bool eq(const Insn& a, const Insn& b) {
      |             ^~
[ 21%] Linking CXX executable t81_ir_encoding_test
[ 21%] Built target t81_ir_encoding_test
[ 22%] Building CXX object CMakeFiles/t81_tisc_encoding_test.dir/tests/cpp/tisc_encoding_test.cpp.o
/app/tests/cpp/tisc_encoding_test.cpp: In function ‘int main()’:
/app/tests/cpp/tisc_encoding_test.cpp:23:17: warning: unused variable ‘lhs’ [-Wunused-variable]
   23 |     const auto& lhs = program.insns[i];
      |                 ^~~
/app/tests/cpp/tisc_encoding_test.cpp:24:17: warning: unused variable ‘rhs’ [-Wunused-variable]
   24 |     const auto& rhs = round.insns[i];
      |                 ^~~
[ 22%] Linking CXX executable t81_tisc_encoding_test
[ 22%] Built target t81_tisc_encoding_test
[ 22%] Building CXX object CMakeFiles/t81_vm_tensor_test.dir/tests/cpp/vm_tensor_test.cpp.o
[ 22%] Linking CXX executable t81_vm_tensor_test
[ 22%] Built target t81_vm_tensor_test
[ 22%] Building CXX object CMakeFiles/t81_vm_fault_test.dir/tests/cpp/vm_fault_test.cpp.o
[ 22%] Linking CXX executable t81_vm_fault_test
[ 22%] Built target t81_vm_fault_test
[ 23%] Building CXX object CMakeFiles/t81_vm_deterministic_fault_test.dir/tests/cpp/test_vm_deterministic_fault.cpp.o
[ 23%] Linking CXX executable t81_vm_deterministic_fault_test
[ 23%] Built target t81_vm_deterministic_fault_test
[ 24%] Building CXX object CMakeFiles/t81_vm_new_opcodes_test.dir/tests/cpp/vm_new_opcodes_test.cpp.o
[ 24%] Linking CXX executable t81_vm_new_opcodes_test
[ 24%] Built target t81_vm_new_opcodes_test
[ 24%] Building CXX object CMakeFiles/t81_vm_memory_test.dir/tests/cpp/vm_memory_test.cpp.o
[ 24%] Linking CXX executable t81_vm_memory_test
[ 24%] Built target t81_vm_memory_test
[ 24%] Building CXX object CMakeFiles/t81_axion_log_determinism_test.dir/tests/cpp/axion_log_determinism_test.cpp.o
[ 25%] Linking CXX executable t81_axion_log_determinism_test
[ 25%] Built target t81_axion_log_determinism_test
[ 25%] Building CXX object CMakeFiles/t81_reflection_non_interference_test.dir/tests/cpp/reflection_non_interference_test.cpp.o
[ 26%] Linking CXX executable t81_reflection_non_interference_test
[ 26%] Built target t81_reflection_non_interference_test
[ 26%] Building CXX object CMakeFiles/t81_weights_load_test.dir/tests/cpp/weights_load_test.cpp.o
/app/tests/cpp/weights_load_test.cpp: In function ‘int main()’:
/app/tests/cpp/weights_load_test.cpp:42:15: warning: unused variable ‘native’ [-Wunused-variable]
   42 |   const auto* native = vm->weights_tensor(handle0);
      |               ^~~~~~
[ 26%] Linking CXX executable t81_weights_load_test
[ 26%] Built target t81_weights_load_test
[ 26%] Building CXX object CMakeFiles/t81_hash_stub_test.dir/tests/cpp/hash_stub_test.cpp.o
[ 26%] Linking CXX executable t81_hash_stub_test
[ 26%] Built target t81_hash_stub_test
[ 26%] Building CXX object CMakeFiles/t81_sha3_test.dir/tests/cpp/test_sha3.cpp.o
[ 26%] Linking CXX executable t81_sha3_test
[ 26%] Built target t81_sha3_test
[ 26%] Building CXX object CMakeFiles/t81_axion_stub_test.dir/tests/cpp/axion_stub_test.cpp.o
[ 26%] Linking CXX executable t81_axion_stub_test
[ 26%] Built target t81_axion_stub_test
[ 26%] Building CXX object CMakeFiles/t81_codec_base243_test.dir/tests/cpp/codec_base243_test.cpp.o
[ 26%] Linking CXX executable t81_codec_base243_test
[ 26%] Built target t81_codec_base243_test
[ 26%] Building CXX object CMakeFiles/t81_codec_base81_test.dir/tests/cpp/codec_base81_test.cpp.o
/app/tests/cpp/codec_base81_test.cpp: In function ‘int main()’:
/app/tests/cpp/codec_base81_test.cpp:34:10: warning: unused variable ‘ok’ [-Wunused-variable]
   34 |     bool ok = decode_bytes("~", out);  // '~' not in canonical alphabet
      |          ^~
[ 27%] Linking CXX executable t81_codec_base81_test
[ 27%] Built target t81_codec_base81_test
[ 28%] Building CXX object CMakeFiles/t81_trit_packing_test.dir/tests/cpp/trit_packing_test.cpp.o
[ 28%] Linking CXX executable t81_trit_packing_test
[ 28%] Built target t81_trit_packing_test
[ 28%] Building CXX object CMakeFiles/t81_base81_balanced_test.dir/tests/cpp/test_base81_balanced.cpp.o
[ 28%] Linking CXX executable t81_base81_balanced_test
[ 28%] Built target t81_base81_balanced_test
[ 28%] Building CXX object CMakeFiles/t81_base81_simd_test.dir/tests/cpp/test_base81_simd.cpp.o
[ 28%] Linking CXX executable t81_base81_simd_test
[ 28%] Built target t81_base81_simd_test
[ 28%] Building CXX object CMakeFiles/t81_base81_packed_test.dir/tests/cpp/test_base81_packed.cpp.o
[ 29%] Linking CXX executable t81_base81_packed_test
[ 29%] Built target t81_base81_packed_test
[ 29%] Building CXX object CMakeFiles/t81_metadata_test.dir/tests/cpp/test_metadata.cpp.o
[ 29%] Linking CXX executable t81_metadata_test
[ 29%] Built target t81_metadata_test
[ 29%] Building CXX object CMakeFiles/t81_tisc_base81_view_test.dir/tests/cpp/test_tisc_base81_view.cpp.o
[ 29%] Linking CXX executable t81_tisc_base81_view_test
[ 29%] Built target t81_tisc_base81_view_test
[ 29%] Building CXX object CMakeFiles/tisc_base81.dir/tools/tisc_base81.cpp.o
[ 29%] Linking CXX executable tisc_base81
[ 29%] Built target tisc_base81
[ 29%] Building CXX object CMakeFiles/setun_bridge_test.dir/tests/cpp/setun_bridge_test.cpp.o
[ 30%] Linking CXX executable setun_bridge_test
[ 30%] Built target setun_bridge_test
[ 31%] Building CXX object CMakeFiles/tisc_opcode_matrix_test.dir/tests/cpp/tisc_opcode_matrix_test.cpp.o
/app/tests/cpp/tisc_opcode_matrix_test.cpp: In function ‘void test_opcode_name_and_uniqueness()’:
/app/tests/cpp/tisc_opcode_matrix_test.cpp:13:10: warning: structured binding declaration set but not used [-Wunused-but-set-variable]
   13 |     auto [_, inserted] = names.insert(name);
      |          ^~~~~~~~~~~~~
gmake[2]: *** wait: No child processes.  Stop.
gmake[2]: *** Waiting for unfinished jobs....
gmake[2]: *** wait: No child processes.  Stop.
gmake[1]: *** [CMakeFiles/Makefile2:2526: CMakeFiles/tisc_opcode_matrix_test.dir/all] Error 2
gmake: *** [Makefile:146: all] Hangup
