Internal ctest changing into directory: /app/build
Test project /app/build
        Start   1: t81_test_axion_opcodes
  1/248 Test   #1: t81_test_axion_opcodes .............................   Passed    0.01 sec
        Start   2: t81_vm_neural_opcodes_test
  2/248 Test   #2: t81_vm_neural_opcodes_test .........................   Passed    0.00 sec
        Start   3: test_bitwise
  3/248 Test   #3: test_bitwise .......................................   Passed    0.00 sec
        Start   4: t81_vm_resource_monitoring_test
  4/248 Test   #4: t81_vm_resource_monitoring_test ....................   Passed    0.00 sec
        Start   5: t81_tritwise_backend_equivalence_test
  5/248 Test   #5: t81_tritwise_backend_equivalence_test ..............   Passed    0.01 sec
        Start   6: t81_ethics_test
  6/248 Test   #6: t81_ethics_test ....................................   Passed    0.00 sec
        Start   7: t81_ethics_invariants_test
  7/248 Test   #7: t81_ethics_invariants_test .........................   Passed    0.01 sec
        Start   8: test_resource_monitoring
  8/248 Test   #8: test_resource_monitoring ...........................   Passed    0.00 sec
        Start   9: test_tier3_opcodes
  9/248 Test   #9: test_tier3_opcodes .................................   Passed    0.00 sec
        Start  10: vm_bounds_trace_test
 10/248 Test  #10: vm_bounds_trace_test ...............................   Passed    0.00 sec
        Start  11: t81_parser_regression_audit_test
 11/248 Test  #11: t81_parser_regression_audit_test ...................   Passed    0.00 sec
        Start  12: t81_ir_snapshot_audit_test
 12/248 Test  #12: t81_ir_snapshot_audit_test .........................   Passed    0.00 sec
        Start  13: t81_float_deterministic_test
 13/248 Test  #13: t81_float_deterministic_test .......................   Passed    0.47 sec
        Start  14: t81_bigint_float_conversion_test
 14/248 Test  #14: t81_bigint_float_conversion_test ...................   Passed    0.01 sec
        Start  15: debug_matrix_crash
 15/248 Test  #15: debug_matrix_crash .................................   Passed    0.00 sec
        Start  16: t81_float_test
 16/248 Test  #16: t81_float_test .....................................   Passed    0.09 sec
        Start  17: t81_float_properties_test
 17/248 Test  #17: t81_float_properties_test ..........................   Passed    0.08 sec
        Start  18: t81_float_arithmetic_test
 18/248 Test  #18: t81_float_arithmetic_test ..........................   Passed    0.00 sec
        Start  19: t81_t81int_to_binary_test
 19/248 Test  #19: t81_t81int_to_binary_test ..........................   Passed    0.00 sec
        Start  20: t81_division_test
 20/248 Test  #20: t81_division_test ..................................   Passed    0.00 sec
        Start  21: t81_t81int_test
 21/248 Test  #21: t81_t81int_test ....................................   Passed    0.00 sec
        Start  22: t81_t81int_overflow_test
 22/248 Test  #22: t81_t81int_overflow_test ...........................   Passed    0.00 sec
        Start  23: t81_t81int_generic_div_test
 23/248 Test  #23: t81_t81int_generic_div_test ........................   Passed    0.00 sec
        Start  24: t81_int_sign_trit_test
 24/248 Test  #24: t81_int_sign_trit_test .............................   Passed    0.00 sec
        Start  25: t81_bigint_test
 25/248 Test  #25: t81_bigint_test ....................................   Passed    0.00 sec
        Start  26: t81_fraction_test
 26/248 Test  #26: t81_fraction_test ..................................   Passed    0.00 sec
        Start  27: t81_bigint_properties_test
 27/248 Test  #27: t81_bigint_properties_test .........................   Passed    0.09 sec
        Start  28: t81_prob_properties_test
 28/248 Test  #28: t81_prob_properties_test ...........................   Passed    0.03 sec
        Start  29: t81_t81int_properties_test
 29/248 Test  #29: t81_t81int_properties_test .........................   Passed    0.06 sec
        Start  30: t81_bigint_division_edge_properties_test
 30/248 Test  #30: t81_bigint_division_edge_properties_test ...........   Passed    0.10 sec
        Start  31: t81_bigint_division_semantics_test
 31/248 Test  #31: t81_bigint_division_semantics_test .................   Passed    0.00 sec
        Start  32: t81_bigint_gcd_divmod_property_test
 32/248 Test  #32: t81_bigint_gcd_divmod_property_test ................   Passed    0.06 sec
        Start  33: t81_bigint_modular_inverse_test
 33/248 Test  #33: t81_bigint_modular_inverse_test ....................   Passed    0.00 sec
        Start  34: fuzz_bigint_libfuzzer
 34/248 Test  #34: fuzz_bigint_libfuzzer ..............................   Passed    2.02 sec
        Start  35: t81_fraction_properties_test
 35/248 Test  #35: t81_fraction_properties_test .......................   Passed    0.68 sec
        Start  36: t81_core_numeric_compat_test
 36/248 Test  #36: t81_core_numeric_compat_test .......................   Passed    0.00 sec
        Start  37: t81_core_bigint_compat_properties_test
 37/248 Test  #37: t81_core_bigint_compat_properties_test .............   Passed    0.26 sec
        Start  38: t81_core_fraction_compat_properties_test
 38/248 Test  #38: t81_core_fraction_compat_properties_test ...........   Passed    0.11 sec
        Start  39: t81_v1_canonical_numeric_contract_test
 39/248 Test  #39: t81_v1_canonical_numeric_contract_test .............   Passed    0.00 sec
        Start  40: t81_complex_test
 40/248 Test  #40: t81_complex_test ...................................   Passed    0.00 sec
        Start  41: t81_prob_test
 41/248 Test  #41: t81_prob_test ......................................   Passed    0.00 sec
        Start  42: t81_symbol_test
 42/248 Test  #42: t81_symbol_test ....................................   Passed    0.00 sec
        Start  43: t81_string_test
 43/248 Test  #43: t81_string_test ....................................   Passed    0.00 sec
        Start  44: t81_qutrit_test
 44/248 Test  #44: t81_qutrit_test ....................................   Passed    0.00 sec
        Start  45: t81_fixed_test
 45/248 Test  #45: t81_fixed_test .....................................   Passed    0.00 sec
        Start  46: t81_uint_test
 46/248 Test  #46: t81_uint_test ......................................   Passed    0.00 sec
        Start  47: t81_list_test
 47/248 Test  #47: t81_list_test ......................................   Passed    0.00 sec
        Start  48: t81_map_test
 48/248 Test  #48: t81_map_test .......................................   Passed    0.00 sec
        Start  49: t81_set_test
 49/248 Test  #49: t81_set_test .......................................   Passed    0.00 sec
        Start  50: t81_vector_test
 50/248 Test  #50: t81_vector_test ....................................   Passed    0.00 sec
        Start  51: t81_matrix_test
 51/248 Test  #51: t81_matrix_test ....................................   Passed    0.01 sec
        Start  52: t81_matrix_singular_test
 52/248 Test  #52: t81_matrix_singular_test ...........................   Passed    0.00 sec
        Start  53: t81_maybe_test
 53/248 Test  #53: t81_maybe_test .....................................   Passed    0.00 sec
        Start  54: t81_result_test
 54/248 Test  #54: t81_result_test ....................................   Passed    0.00 sec
        Start  55: t81_quaternion_test
 55/248 Test  #55: t81_quaternion_test ................................   Passed    0.00 sec
        Start  56: t81_time_test
 56/248 Test  #56: t81_time_test ......................................   Passed    0.00 sec
        Start  57: t81_bytes_test
 57/248 Test  #57: t81_bytes_test .....................................   Passed    0.00 sec
        Start  58: t81_tree_test
 58/248 Test  #58: t81_tree_test ......................................   Passed    0.00 sec
        Start  59: t81_tensor_transpose_test
 59/248 Test  #59: t81_tensor_transpose_test ..........................   Passed    0.00 sec
        Start  60: t81_core_improvements_test
 60/248 Test  #60: t81_core_improvements_test .........................   Passed    0.00 sec
        Start  61: t81_core_features_test
 61/248 Test  #61: t81_core_features_test .............................   Passed    0.03 sec
        Start  62: t81_tensor_slice_test
 62/248 Test  #62: t81_tensor_slice_test ..............................   Passed    0.00 sec
        Start  63: t81_tensor_reshape_test
 63/248 Test  #63: t81_tensor_reshape_test ............................   Passed    0.00 sec
        Start  64: t81_tensor_loader_test
 64/248 Test  #64: t81_tensor_loader_test .............................   Passed    0.00 sec
        Start  65: t81_canonfs_io_test
 65/248 Test  #65: t81_canonfs_io_test ................................   Passed    0.00 sec
        Start  66: t81_ir_encoding_test
 66/248 Test  #66: t81_ir_encoding_test ...............................   Passed    0.00 sec
        Start  67: t81_tisc_encoding_test
 67/248 Test  #67: t81_tisc_encoding_test .............................   Passed    0.00 sec
        Start  68: t81_hash_stub_test
 68/248 Test  #68: t81_hash_stub_test .................................   Passed    0.00 sec
        Start  69: t81_sha3_test
 69/248 Test  #69: t81_sha3_test ......................................   Passed    0.00 sec
        Start  70: t81_axion_stub_test
 70/248 Test  #70: t81_axion_stub_test ................................   Passed    0.00 sec
        Start  71: t81_codec_base243_test
 71/248 Test  #71: t81_codec_base243_test .............................   Passed    0.00 sec
        Start  72: t81_codec_base81_test
 72/248 Test  #72: t81_codec_base81_test ..............................   Passed    0.00 sec
        Start  73: t81_trit_packing_test
 73/248 Test  #73: t81_trit_packing_test ..............................   Passed    0.00 sec
        Start  74: t81_packed_trit_vector_test
 74/248 Test  #74: t81_packed_trit_vector_test ........................   Passed    0.01 sec
        Start  75: t81_phase2c_truth_table_test
 75/248 Test  #75: t81_phase2c_truth_table_test .......................   Passed    0.00 sec
        Start  76: t81_packed_trit_vector_stress_test
 76/248 Test  #76: t81_packed_trit_vector_stress_test .................   Passed    0.00 sec
        Start  77: t81_base81_balanced_test
 77/248 Test  #77: t81_base81_balanced_test ...........................   Passed    0.00 sec
        Start  78: t81_base81_packed_test
 78/248 Test  #78: t81_base81_packed_test .............................   Passed    0.00 sec
        Start  79: t81_metadata_test
 79/248 Test  #79: t81_metadata_test ..................................   Passed    0.00 sec
        Start  80: t81_tisc_base81_view_test
 80/248 Test  #80: t81_tisc_base81_view_test ..........................   Passed    0.00 sec
        Start  81: setun_bridge_test
 81/248 Test  #81: setun_bridge_test ..................................   Passed    0.00 sec
        Start  82: tisc_opcode_matrix_test
 82/248 Test  #82: tisc_opcode_matrix_test ............................   Passed    0.00 sec
        Start  83: t81lang_conformance_baseline_test
 83/248 Test  #83: t81lang_conformance_baseline_test ..................   Passed    0.01 sec
        Start  84: t81_numeric_format_test
 84/248 Test  #84: t81_numeric_format_test ............................   Passed    0.00 sec
        Start  85: axion_recursion_guardrails_test
 85/248 Test  #85: axion_recursion_guardrails_test ....................   Passed    0.00 sec
        Start  86: t81_tensor_shape_test
 86/248 Test  #86: t81_tensor_shape_test ..............................   Passed    0.00 sec
        Start  87: t81_ternary_arith_test
 87/248 Test  #87: t81_ternary_arith_test .............................   Passed    0.00 sec
        Start  88: t81_tensor_matmul_test
 88/248 Test  #88: t81_tensor_matmul_test .............................   Passed    0.00 sec
        Start  89: t81_tensor_reduce_test
 89/248 Test  #89: t81_tensor_reduce_test .............................   Passed    0.00 sec
        Start  90: t81_tensor_broadcast_test
 90/248 Test  #90: t81_tensor_broadcast_test ..........................   Passed    0.00 sec
        Start  91: t81_entropy_test
 91/248 Test  #91: t81_entropy_test ...................................   Passed    0.00 sec
        Start  92: t81_expected_test
 92/248 Test  #92: t81_expected_test ..................................   Passed    0.00 sec
        Start  93: t81_tensor_elementwise_test
 93/248 Test  #93: t81_tensor_elementwise_test ........................   Passed    0.00 sec
        Start  94: t81_tensor_ternary_test
 94/248 Test  #94: t81_tensor_ternary_test ............................   Passed    0.00 sec
        Start  95: t81_t729_tensor_test
 95/248 Test  #95: t81_t729_tensor_test ...............................   Passed    0.00 sec
        Start  96: t81_symbolic_algebra_test
 96/248 Test  #96: t81_symbolic_algebra_test ..........................   Passed    0.03 sec
        Start  97: t81_semantic_graph_test
 97/248 Test  #97: t81_semantic_graph_test ............................   Passed    0.00 sec
        Start  98: t81_neural_primitives_test
 98/248 Test  #98: t81_neural_primitives_test .........................   Passed    0.00 sec
        Start  99: t81_frontend_neural_test
 99/248 Test  #99: t81_frontend_neural_test ...........................   Passed    0.00 sec
        Start 100: t81_c_api_bigint_test
100/248 Test #100: t81_c_api_bigint_test ..............................   Passed    0.00 sec
        Start 101: t81_tensor_unary_test
101/248 Test #101: t81_tensor_unary_test ..............................   Passed    0.00 sec
        Start 102: t81_hanoi_integration_test
102/248 Test #102: t81_hanoi_integration_test .........................   Passed    0.00 sec
        Start 103: t81_vm_load_store_test
103/248 Test #103: t81_vm_load_store_test .............................   Passed    0.00 sec
        Start 104: t81_vm_divmod_test
104/248 Test #104: t81_vm_divmod_test .................................   Passed    0.00 sec
        Start 105: t81_vm_illegal_test
105/248 Test #105: t81_vm_illegal_test ................................   Passed    0.00 sec
        Start 106: t81_vm_bounds_test
106/248 Test #106: t81_vm_bounds_test .................................   Passed    0.00 sec
        Start 107: t81_vm_tensor_test
107/248 Test #107: t81_vm_tensor_test .................................   Passed    0.00 sec
        Start 108: t81_vm_fault_test
108/248 Test #108: t81_vm_fault_test ..................................   Passed    0.00 sec
        Start 109: t81_vm_deterministic_fault_test
109/248 Test #109: t81_vm_deterministic_fault_test ....................   Passed    0.00 sec
        Start 110: t81_vm_memory_test
110/248 Test #110: t81_vm_memory_test .................................   Passed    0.00 sec
        Start 111: t81_axion_log_determinism_test
111/248 Test #111: t81_axion_log_determinism_test .....................   Passed    0.00 sec
        Start 112: t81_reflection_non_interference_test
112/248 Test #112: t81_reflection_non_interference_test ...............   Passed    0.00 sec
        Start 113: t81_canonfs_driver_test
113/248 Test #113: t81_canonfs_driver_test ............................   Passed    0.00 sec
        Start 114: t81_weights_load_test
114/248 Test #114: t81_weights_load_test ..............................   Passed    0.00 sec
        Start 115: t81_vm_trace_test
115/248 Test #115: t81_vm_trace_test ..................................   Passed    0.00 sec
        Start 116: t81_vm_determinism_property_test
116/248 Test #116: t81_vm_determinism_property_test ...................   Passed    0.02 sec
        Start 117: vm_extended_ops_test
117/248 Test #117: vm_extended_ops_test ...............................   Passed    0.00 sec
        Start 118: llama_kernels_test
118/248 Test #118: llama_kernels_test .................................   Passed    0.00 sec
        Start 119: t81_vm_jump_flags_test
119/248 Test #119: t81_vm_jump_flags_test .............................   Passed    0.00 sec
        Start 120: t81_vm_float_fraction_ops_test
120/248 Test #120: t81_vm_float_fraction_ops_test .....................   Passed    0.00 sec
        Start 121: t81_vm_literal_pool_extension_test
121/248 Test #121: t81_vm_literal_pool_extension_test .................   Passed    0.00 sec
        Start 122: t81_vm_neg_jumps_test
122/248 Test #122: t81_vm_neg_jumps_test ..............................   Passed    0.00 sec
        Start 123: t81_vm_print_test
123/248 Test #123: t81_vm_print_test ..................................   Passed    0.00 sec
        Start 124: t81_limb_bohemian_add_test
124/248 Test #124: t81_limb_bohemian_add_test .........................   Passed    0.01 sec
        Start 125: t81_limb_bohemian_mul_test
125/248 Test #125: t81_limb_bohemian_mul_test .........................   Passed    0.07 sec
        Start 126: t81_limb_booth_mul_test
126/248 Test #126: t81_limb_booth_mul_test ............................   Passed    0.06 sec
        Start 127: t81_limb_mul_wide_high_test
127/248 Test #127: t81_limb_mul_wide_high_test ........................   Passed    0.03 sec
        Start 128: t81_limb_add_test
128/248 Test #128: t81_limb_add_test ..................................   Passed    0.03 sec
        Start 129: t81_native_arith_test
129/248 Test #129: t81_native_arith_test ..............................   Passed    0.01 sec
        Start 130: t81_bigint_v1_baseline_test
130/248 Test #130: t81_bigint_v1_baseline_test ........................   Passed    0.13 sec
        Start 131: t81_limb54_add_test
131/248 Test #131: t81_limb54_add_test ................................   Passed    0.02 sec
        Start 132: t81_limb54_booth_mul_test
132/248 Test #132: t81_limb54_booth_mul_test ..........................   Passed    0.03 sec
        Start 133: t81_frontend_lexer_test
133/248 Test #133: t81_frontend_lexer_test ............................   Passed    0.00 sec
        Start 134: t81_frontend_parser_test
134/248 Test #134: t81_frontend_parser_test ...........................   Passed    0.00 sec
        Start 135: t81_spec_compliance_test
135/248 Test #135: t81_spec_compliance_test ...........................   Passed    0.00 sec
        Start 136: t81_frontend_expression_features_test
136/248 Test #136: t81_frontend_expression_features_test ..............   Passed    0.00 sec
        Start 137: t81_frontend_parser_generics_test
137/248 Test #137: t81_frontend_parser_generics_test ..................   Passed    0.00 sec
        Start 138: t81_frontend_parser_recovery_test
138/248 Test #138: t81_frontend_parser_recovery_test ..................   Passed    0.00 sec
        Start 139: t81_frontend_parser_legacy_rejection_test
139/248 Test #139: t81_frontend_parser_legacy_rejection_test ..........   Passed    0.00 sec
        Start 140: t81_frontend_ir_generator_test
140/248 Test #140: t81_frontend_ir_generator_test .....................   Passed    0.01 sec
        Start 141: t81_frontend_logical_lowering_test
141/248 Test #141: t81_frontend_logical_lowering_test .................   Passed    0.00 sec
        Start 142: t81_semantic_analyzer_option_result_test
142/248 Test #142: t81_semantic_analyzer_option_result_test ...........   Passed    0.00 sec
        Start 143: test_std_option_result
143/248 Test #143: test_std_option_result .............................   Passed    0.00 sec
        Start 144: t81_semantic_analyzer_match_test
144/248 Test #144: t81_semantic_analyzer_match_test ...................   Passed    0.00 sec
        Start 145: t81_semantic_analyzer_generic_test
145/248 Test #145: t81_semantic_analyzer_generic_test .................   Passed    0.00 sec
        Start 146: t81_semantic_analyzer_indexing_test
146/248 Test #146: t81_semantic_analyzer_indexing_test ................   Passed    0.00 sec
        Start 147: t81_semantic_analyzer_vector_literal_test
147/248 Test #147: t81_semantic_analyzer_vector_literal_test ..........   Passed    0.00 sec
        Start 148: t81_semantic_analyzer_equality_test
148/248 Test #148: t81_semantic_analyzer_equality_test ................   Passed    0.00 sec
        Start 149: t81_semantic_analyzer_loop_test
149/248 Test #149: t81_semantic_analyzer_loop_test ....................   Passed    0.00 sec
        Start 150: t81_semantic_analyzer_numeric_test
150/248 Test #150: t81_semantic_analyzer_numeric_test .................   Passed    0.00 sec
        Start 151: t81_semantic_analyzer_diagnostic_location_test
151/248 Test #151: t81_semantic_analyzer_diagnostic_location_test .....   Passed    0.00 sec
        Start 152: t81_semantic_analyzer_cascade_suppression_test
152/248 Test #152: t81_semantic_analyzer_cascade_suppression_test .....   Passed    0.00 sec
        Start 153: t81_semantic_analyzer_diagnostic_precision_test
153/248 Test #153: t81_semantic_analyzer_diagnostic_precision_test ....   Passed    0.00 sec
        Start 154: t81_tisc_binary_emitter_test
154/248 Test #154: t81_tisc_binary_emitter_test .......................   Passed    0.00 sec
        Start 155: t81_tisc_type_alias_io_test
155/248 Test #155: t81_tisc_type_alias_io_test ........................   Passed    0.00 sec
        Start 156: t81_tisc_binary_io_determinism_test
156/248 Test #156: t81_tisc_binary_io_determinism_test ................   Passed    0.00 sec
        Start 157: t81_tisc_binary_metadata_roundtrip_property_test
157/248 Test #157: t81_tisc_binary_metadata_roundtrip_property_test ...   Passed    0.02 sec
        Start 158: e2e_option_result_test
158/248 Test #158: e2e_option_result_test .............................   Passed    0.00 sec
        Start 159: e2e_option_result_function_test
159/248 Test #159: e2e_option_result_function_test ....................   Passed    0.00 sec
        Start 160: e2e_option_type_test
160/248 Test #160: e2e_option_type_test ...............................   Passed    0.00 sec
        Start 161: e2e_match_expression_test
161/248 Test #161: e2e_match_expression_test ..........................   Passed    0.00 sec
        Start 162: e2e_loop_statement_test
162/248 Test #162: e2e_loop_statement_test ............................   Passed    0.00 sec
        Start 163: e2e_advanced_features_test
163/248 Test #163: e2e_advanced_features_test .........................   Passed    0.02 sec
        Start 164: e2e_print_runtime_test
164/248 Test #164: e2e_print_runtime_test .............................   Passed    0.01 sec
        Start 165: e2e_compile_determinism_test
165/248 Test #165: e2e_compile_determinism_test .......................   Passed    0.01 sec
        Start 166: e2e_match_metadata_determinism_test
166/248 Test #166: e2e_match_metadata_determinism_test ................   Passed    0.00 sec
        Start 167: e2e_ast_ir_canonical_determinism_test
167/248 Test #167: e2e_ast_ir_canonical_determinism_test ..............   Passed    0.01 sec
        Start 168: cli_e2e_test
168/248 Test #168: cli_e2e_test .......................................   Passed    0.00 sec
        Start 169: t81_cli_check_test
169/248 Test #169: t81_cli_check_test .................................   Passed    0.01 sec
        Start 170: t81_cli_pipeline_test
170/248 Test #170: t81_cli_pipeline_test ..............................   Passed    0.00 sec
        Start 171: t81_cli_disasm_test
171/248 Test #171: t81_cli_disasm_test ................................   Passed    0.00 sec
        Start 172: t81_cli_debugger_test
172/248 Test #172: t81_cli_debugger_test ..............................   Passed    0.00 sec
        Start 173: t81_cli_option_result_test
173/248 Test #173: t81_cli_option_result_test .........................   Passed    0.00 sec
        Start 174: t81_cli_diagnostic_context_test
174/248 Test #174: t81_cli_diagnostic_context_test ....................   Passed    0.00 sec
        Start 175: cli_canonize_tensor_test
175/248 Test #175: cli_canonize_tensor_test ...........................   Passed    0.00 sec
        Start 176: axion_policy_match_guard_test
176/248 Test #176: axion_policy_match_guard_test ......................   Passed    0.00 sec
        Start 177: axion_policy_segment_event_test
177/248 Test #177: axion_policy_segment_event_test ....................   Passed    0.00 sec
        Start 178: axion_loop_metadata_test
178/248 Test #178: axion_loop_metadata_test ...........................   Passed    0.00 sec
        Start 179: axion_match_metadata_test
179/248 Test #179: axion_match_metadata_test ..........................   Passed    0.00 sec
        Start 180: axion_enum_guard_test
180/248 Test #180: axion_enum_guard_test ..............................   Passed    0.00 sec
        Start 181: axion_nested_guard_test
181/248 Test #181: axion_nested_guard_test ............................   Passed    0.00 sec
        Start 182: axion_instruction_counter_test
182/248 Test #182: axion_instruction_counter_test .....................   Passed    0.00 sec
        Start 183: canonfs_axion_trace_test
183/248 Test #183: canonfs_axion_trace_test ...........................   Passed    0.00 sec
        Start 184: t81_tier4_test
184/248 Test #184: t81_tier4_test .....................................   Passed    0.00 sec
        Start 185: t81_tier5_test
185/248 Test #185: t81_tier5_test .....................................   Passed    0.00 sec
        Start 186: t81_tier4_vm_test
186/248 Test #186: t81_tier4_vm_test ..................................   Passed    0.00 sec
        Start 187: t81_jit_test
187/248 Test #187: t81_jit_test .......................................   Passed    0.00 sec
        Start 188: jit_trace_equivalence_test
188/248 Test #188: jit_trace_equivalence_test .........................   Passed    0.04 sec
        Start 189: jit_tensor_trace_equivalence_test
189/248 Test #189: jit_tensor_trace_equivalence_test ..................   Passed    0.02 sec
        Start 190: e2e_axion_trace_test
190/248 Test #190: e2e_axion_trace_test ...............................   Passed    0.00 sec
        Start 191: axion_policy_bytecode_test
191/248 Test #191: axion_policy_bytecode_test .........................   Passed    0.00 sec
        Start 192: test_bigint_multilimb_ext
192/248 Test #192: test_bigint_multilimb_ext ..........................   Passed    0.00 sec
        Start 193: test_bigint_robust_features
193/248 Test #193: test_bigint_robust_features ........................   Passed    0.00 sec
        Start 194: t81_bigint_v1_perf
194/248 Test #194: t81_bigint_v1_perf .................................   Passed    0.00 sec
        Start 195: bigint_perf_guardrail_test
195/248 Test #195: bigint_perf_guardrail_test .........................   Passed    0.66 sec
        Start 196: t81_bigint_allocation_pathology_test
196/248 Test #196: t81_bigint_allocation_pathology_test ...............   Passed    0.00 sec
        Start 197: t81_bigint_allocation_guardrail_test
197/248 Test #197: t81_bigint_allocation_guardrail_test ...............   Passed    1.48 sec
        Start 198: t81_vm_tier_promotion_test
198/248 Test #198: t81_vm_tier_promotion_test .........................   Passed    0.02 sec
        Start 199: test_T81Tensor_transpose
199/248 Test #199: test_T81Tensor_transpose ...........................   Passed    0.00 sec
        Start 200: performance_advancements_test
200/248 Test #200: performance_advancements_test ......................   Passed    0.00 sec
        Start 201: t81_distributed_tensor_test
201/248 Test #201: t81_distributed_tensor_test ........................   Passed    0.00 sec
        Start 202: tensor_backend_parity_test
202/248 Test #202: tensor_backend_parity_test .........................   Passed    0.00 sec
        Start 203: t81_base81_simd_test
203/248 Test #203: t81_base81_simd_test ...............................   Passed    0.00 sec
        Start 204: t81_cli_repro_hash_test
204/248 Test #204: t81_cli_repro_hash_test ............................   Passed    0.65 sec
        Start 205: t81_cli_std_text_fixtures_test
205/248 Test #205: t81_cli_std_text_fixtures_test .....................   Passed    0.01 sec
        Start 206: t81_cli_std_bytes_fixtures_test
206/248 Test #206: t81_cli_std_bytes_fixtures_test ....................   Passed    0.01 sec
        Start 207: t81_cli_std_symbol_fixtures_test
207/248 Test #207: t81_cli_std_symbol_fixtures_test ...................   Passed    0.00 sec
        Start 208: t81_cli_std_collections_fixtures_test
208/248 Test #208: t81_cli_std_collections_fixtures_test ..............   Passed    0.01 sec
        Start 209: t81_cli_std_tensor_fixtures_test
209/248 Test #209: t81_cli_std_tensor_fixtures_test ...................   Passed    0.01 sec
        Start 210: t81_cli_std_runtime_fixtures_test
210/248 Test #210: t81_cli_std_runtime_fixtures_test ..................   Passed    0.00 sec
        Start 211: t81_legacy_core_numeric_include_policy_test
211/248 Test #211: t81_legacy_core_numeric_include_policy_test ........   Passed    0.49 sec
        Start 212: t81_legacy_core_numeric_type_usage_policy_test
212/248 Test #212: t81_legacy_core_numeric_type_usage_policy_test .....   Passed    0.50 sec
        Start 213: t81_legacy_v1_numeric_include_policy_test
213/248 Test #213: t81_legacy_v1_numeric_include_policy_test ..........   Passed    0.39 sec
        Start 214: t81_core_numeric_wrapper_thinness_policy_test
214/248 Test #214: t81_core_numeric_wrapper_thinness_policy_test ......   Passed    0.37 sec
        Start 215: t81_v1_canonical_numeric_alias_usage_policy_test
215/248 Test #215: t81_v1_canonical_numeric_alias_usage_policy_test ...   Passed    0.43 sec
        Start 216: t81_graph_test
216/248 Test #216: t81_graph_test .....................................   Passed    0.01 sec
        Start 217: t81_graph_components_test
217/248 Test #217: t81_graph_components_test ..........................   Passed    0.00 sec
        Start 218: t81_graph_shortest_path_test
218/248 Test #218: t81_graph_shortest_path_test .......................   Passed    0.00 sec
        Start 219: t81_graph_large_test
219/248 Test #219: t81_graph_large_test ...............................   Passed    0.03 sec
        Start 220: t81_map_regression_test
220/248 Test #220: t81_map_regression_test ............................   Passed    0.00 sec
        Start 221: t81_polynomial_test
221/248 Test #221: t81_polynomial_test ................................   Passed    0.00 sec
        Start 222: t81_agent_test
222/248 Test #222: t81_agent_test .....................................   Passed    0.00 sec
        Start 223: t81_agent_neural_test
223/248 Test #223: t81_agent_neural_test ..............................   Passed    0.00 sec
        Start 224: t81_stream_test
224/248 Test #224: t81_stream_test ....................................   Passed    0.00 sec
        Start 225: t81_promise_test
225/248 Test #225: t81_promise_test ...................................   Passed    0.00 sec
        Start 226: t81_thread_test
226/248 Test #226: t81_thread_test ....................................   Passed    0.00 sec
        Start 227: t81_network_test
227/248 Test #227: t81_network_test ...................................   Passed    0.01 sec
        Start 228: t81_discovery_test
228/248 Test #228: t81_discovery_test .................................   Passed    0.00 sec
        Start 229: t81_category_test
229/248 Test #229: t81_category_test ..................................   Passed    0.00 sec
        Start 230: t81_proof_test
230/248 Test #230: t81_proof_test .....................................   Passed    0.00 sec
        Start 231: t81_tensor_slice_static_test
231/248 Test #231: t81_tensor_slice_static_test .......................   Passed    0.00 sec
        Start 232: t81_tensor_concat_static_test
232/248 Test #232: t81_tensor_concat_static_test ......................   Passed    0.00 sec
        Start 233: t81_tensor_permute_static_test
233/248 Test #233: t81_tensor_permute_static_test .....................   Passed    0.00 sec
        Start 234: t81_tensor_pad_static_test
234/248 Test #234: t81_tensor_pad_static_test .........................   Passed    0.00 sec
        Start 235: t81_tensor_activations_static_test
235/248 Test #235: t81_tensor_activations_static_test .................   Passed    0.19 sec
        Start 236: t81_tensor_softmax_static_test
236/248 Test #236: t81_tensor_softmax_static_test .....................   Passed    0.06 sec
        Start 237: t81_graph_pagerank_convergence_test
237/248 Test #237: t81_graph_pagerank_convergence_test ................   Passed    0.03 sec
        Start 238: t81_graph_bfs_test
238/248 Test #238: t81_graph_bfs_test .................................   Passed    0.00 sec
        Start 239: t81_float_rounding_test
239/248 Test #239: t81_float_rounding_test ............................   Passed    0.00 sec
        Start 240: t81_float_clamp_test
240/248 Test #240: t81_float_clamp_test ...............................   Passed    0.00 sec
        Start 241: t81_int_pow_test
241/248 Test #241: t81_int_pow_test ...................................   Passed    0.00 sec
        Start 242: t81_int_gcd_lcm_test
242/248 Test #242: t81_int_gcd_lcm_test ...............................   Passed    0.00 sec
        Start 243: t81_int_shift_test
243/248 Test #243: t81_int_shift_test .................................   Passed    0.00 sec
        Start 244: t81_std_test
244/248 Test #244: t81_std_test .......................................   Passed    0.28 sec
        Start 245: t81_symbolic_vm_test
245/248 Test #245: t81_symbolic_vm_test ...............................   Passed    0.00 sec
        Start 246: test_concurrency
246/248 Test #246: test_concurrency ...................................   Passed    0.00 sec
        Start 247: test_bigint_demotion
247/248 Test #247: test_bigint_demotion ...............................   Passed    0.00 sec
        Start 248: t81_graph_algorithms_test
248/248 Test #248: t81_graph_algorithms_test ..........................   Passed    0.00 sec

100% tests passed, 0 tests failed out of 248

Total Test time (real) =  11.08 sec
